Analysis & Synthesis report for Digital_Tube_Demo
Thu Sep 22 23:41:43 2016
Quartus II 64-Bit Version 15.0.0 Build 145 04/22/2015 SJ Full Version


---------------------
; Table of Contents ;
---------------------
  1. Legal Notice
  2. Analysis & Synthesis Summary
  3. Analysis & Synthesis Settings
  4. Parallel Compilation
  5. Analysis & Synthesis Source Files Read
  6. Analysis & Synthesis Resource Usage Summary
  7. Analysis & Synthesis Resource Utilization by Entity
  8. Registers Removed During Synthesis
  9. Removed Registers Triggering Further Register Optimizations
 10. General Register Statistics
 11. Inverted Register Statistics
 12. Multiplexer Restructuring Statistics (Restructuring Performed)
 13. Parameter Settings for User Entity Instance: Top-level Entity: |Digital_Tube_Demo
 14. Parameter Settings for User Entity Instance: Digital_Tube:U1|smg_encoder_module:U2
 15. Parameter Settings for User Entity Instance: Digital_Tube:U1|column_scan_module:U3
 16. Parameter Settings for User Entity Instance: Digital_Tube:U1|row_scan_module:U4
 17. Port Connectivity Checks: "Digital_Tube:U1"
 18. Post-Synthesis Netlist Statistics for Top Partition
 19. Elapsed Time Per Partition
 20. Analysis & Synthesis Messages



----------------
; Legal Notice ;
----------------
Copyright (C) 1991-2015 Altera Corporation. All rights reserved.
Your use of Altera Corporation's design tools, logic functions 
and other software and tools, and its AMPP partner logic 
functions, and any output files from any of the foregoing 
(including device programming or simulation files), and any 
associated documentation or information are expressly subject 
to the terms and conditions of the Altera Program License 
Subscription Agreement, the Altera Quartus II License Agreement,
the Altera MegaCore Function License Agreement, or other 
applicable license agreement, including, without limitation, 
that your use is for the sole purpose of programming logic 
devices manufactured by Altera and sold by Altera or its 
authorized distributors.  Please refer to the applicable 
agreement for further details.



+----------------------------------------------------------------------------------+
; Analysis & Synthesis Summary                                                     ;
+------------------------------------+---------------------------------------------+
; Analysis & Synthesis Status        ; Successful - Thu Sep 22 23:41:43 2016       ;
; Quartus II 64-Bit Version          ; 15.0.0 Build 145 04/22/2015 SJ Full Version ;
; Revision Name                      ; Digital_Tube_Demo                           ;
; Top-level Entity Name              ; Digital_Tube_Demo                           ;
; Family                             ; Cyclone IV E                                ;
; Total logic elements               ; 49                                          ;
;     Total combinational functions  ; 43                                          ;
;     Dedicated logic registers      ; 35                                          ;
; Total registers                    ; 35                                          ;
; Total pins                         ; 12                                          ;
; Total virtual pins                 ; 0                                           ;
; Total memory bits                  ; 0                                           ;
; Embedded Multiplier 9-bit elements ; 0                                           ;
; Total PLLs                         ; 0                                           ;
+------------------------------------+---------------------------------------------+


+----------------------------------------------------------------------------------------------------------------------+
; Analysis & Synthesis Settings                                                                                        ;
+----------------------------------------------------------------------------+--------------------+--------------------+
; Option                                                                     ; Setting            ; Default Value      ;
+----------------------------------------------------------------------------+--------------------+--------------------+
; Device                                                                     ; EP4CE6F17C8        ;                    ;
; Top-level entity name                                                      ; Digital_Tube_Demo  ; Digital_Tube_Demo  ;
; Family name                                                                ; Cyclone IV E       ; Cyclone V          ;
; Use smart compilation                                                      ; Off                ; Off                ;
; Enable parallel Assembler and TimeQuest Timing Analyzer during compilation ; On                 ; On                 ;
; Enable compact report table                                                ; Off                ; Off                ;
; Restructure Multiplexers                                                   ; Auto               ; Auto               ;
; Create Debugging Nodes for IP Cores                                        ; Off                ; Off                ;
; Preserve fewer node names                                                  ; On                 ; On                 ;
; Disable OpenCore Plus hardware evaluation                                  ; Off                ; Off                ;
; Verilog Version                                                            ; Verilog_2001       ; Verilog_2001       ;
; VHDL Version                                                               ; VHDL_1993          ; VHDL_1993          ;
; State Machine Processing                                                   ; Auto               ; Auto               ;
; Safe State Machine                                                         ; Off                ; Off                ;
; Extract Verilog State Machines                                             ; On                 ; On                 ;
; Extract VHDL State Machines                                                ; On                 ; On                 ;
; Ignore Verilog initial constructs                                          ; Off                ; Off                ;
; Iteration limit for constant Verilog loops                                 ; 5000               ; 5000               ;
; Iteration limit for non-constant Verilog loops                             ; 250                ; 250                ;
; Add Pass-Through Logic to Inferred RAMs                                    ; On                 ; On                 ;
; Infer RAMs from Raw Logic                                                  ; On                 ; On                 ;
; Parallel Synthesis                                                         ; On                 ; On                 ;
; DSP Block Balancing                                                        ; Auto               ; Auto               ;
; NOT Gate Push-Back                                                         ; On                 ; On                 ;
; Power-Up Don't Care                                                        ; On                 ; On                 ;
; Remove Redundant Logic Cells                                               ; Off                ; Off                ;
; Remove Duplicate Registers                                                 ; On                 ; On                 ;
; Ignore CARRY Buffers                                                       ; Off                ; Off                ;
; Ignore CASCADE Buffers                                                     ; Off                ; Off                ;
; Ignore GLOBAL Buffers                                                      ; Off                ; Off                ;
; Ignore ROW GLOBAL Buffers                                                  ; Off                ; Off                ;
; Ignore LCELL Buffers                                                       ; Off                ; Off                ;
; Ignore SOFT Buffers                                                        ; On                 ; On                 ;
; Limit AHDL Integers to 32 Bits                                             ; Off                ; Off                ;
; Optimization Technique                                                     ; Balanced           ; Balanced           ;
; Carry Chain Length                                                         ; 70                 ; 70                 ;
; Auto Carry Chains                                                          ; On                 ; On                 ;
; Auto Open-Drain Pins                                                       ; On                 ; On                 ;
; Perform WYSIWYG Primitive Resynthesis                                      ; Off                ; Off                ;
; Auto ROM Replacement                                                       ; On                 ; On                 ;
; Auto RAM Replacement                                                       ; On                 ; On                 ;
; Auto DSP Block Replacement                                                 ; On                 ; On                 ;
; Auto Shift Register Replacement                                            ; Auto               ; Auto               ;
; Allow Shift Register Merging across Hierarchies                            ; Auto               ; Auto               ;
; Auto Clock Enable Replacement                                              ; On                 ; On                 ;
; Strict RAM Replacement                                                     ; Off                ; Off                ;
; Allow Synchronous Control Signals                                          ; On                 ; On                 ;
; Force Use of Synchronous Clear Signals                                     ; Off                ; Off                ;
; Auto RAM Block Balancing                                                   ; On                 ; On                 ;
; Auto RAM to Logic Cell Conversion                                          ; Off                ; Off                ;
; Auto Resource Sharing                                                      ; Off                ; Off                ;
; Allow Any RAM Size For Recognition                                         ; Off                ; Off                ;
; Allow Any ROM Size For Recognition                                         ; Off                ; Off                ;
; Allow Any Shift Register Size For Recognition                              ; Off                ; Off                ;
; Use LogicLock Constraints during Resource Balancing                        ; On                 ; On                 ;
; Ignore translate_off and synthesis_off directives                          ; Off                ; Off                ;
; Timing-Driven Synthesis                                                    ; On                 ; On                 ;
; Report Parameter Settings                                                  ; On                 ; On                 ;
; Report Source Assignments                                                  ; On                 ; On                 ;
; Report Connectivity Checks                                                 ; On                 ; On                 ;
; Ignore Maximum Fan-Out Assignments                                         ; Off                ; Off                ;
; Synchronization Register Chain Length                                      ; 2                  ; 2                  ;
; PowerPlay Power Optimization During Synthesis                              ; Normal compilation ; Normal compilation ;
; HDL message level                                                          ; Level2             ; Level2             ;
; Suppress Register Optimization Related Messages                            ; Off                ; Off                ;
; Number of Removed Registers Reported in Synthesis Report                   ; 5000               ; 5000               ;
; Number of Swept Nodes Reported in Synthesis Report                         ; 5000               ; 5000               ;
; Number of Inverted Registers Reported in Synthesis Report                  ; 100                ; 100                ;
; Clock MUX Protection                                                       ; On                 ; On                 ;
; Auto Gated Clock Conversion                                                ; Off                ; Off                ;
; Block Design Naming                                                        ; Auto               ; Auto               ;
; SDC constraint protection                                                  ; Off                ; Off                ;
; Synthesis Effort                                                           ; Auto               ; Auto               ;
; Shift Register Replacement - Allow Asynchronous Clear Signal               ; On                 ; On                 ;
; Pre-Mapping Resynthesis Optimization                                       ; Off                ; Off                ;
; Analysis & Synthesis Message Level                                         ; Medium             ; Medium             ;
; Disable Register Merging Across Hierarchies                                ; Auto               ; Auto               ;
; Resource Aware Inference For Block RAM                                     ; On                 ; On                 ;
; Synthesis Seed                                                             ; 1                  ; 1                  ;
+----------------------------------------------------------------------------+--------------------+--------------------+


+------------------------------------------+
; Parallel Compilation                     ;
+----------------------------+-------------+
; Processors                 ; Number      ;
+----------------------------+-------------+
; Number detected on machine ; 4           ;
; Maximum allowed            ; 2           ;
;                            ;             ;
; Average used               ; 1.00        ;
; Maximum used               ; 1           ;
;                            ;             ;
; Usage by Processor         ; % Time Used ;
;     Processor 1            ; 100.0%      ;
;     Processors 2-4         ;   0.0%      ;
+----------------------------+-------------+


+------------------------------------------------------------------------------------------------------------------------------------------------------------------------+
; Analysis & Synthesis Source Files Read                                                                                                                                 ;
+----------------------------------+-----------------+------------------------+--------------------------------------------------------------------------------+---------+
; File Name with User-Entered Path ; Used in Netlist ; File Type              ; File Name with Absolute Path                                                   ; Library ;
+----------------------------------+-----------------+------------------------+--------------------------------------------------------------------------------+---------+
; ../smg_encoder_module.v          ; yes             ; User Verilog HDL File  ; D:/workspace1/NewDocument/Quartus/module/Digital_Tube/smg_encoder_module.v     ;         ;
; ../row_scan_module.v             ; yes             ; User Verilog HDL File  ; D:/workspace1/NewDocument/Quartus/module/Digital_Tube/row_scan_module.v        ;         ;
; ../number_mod_module.v           ; yes             ; User Verilog HDL File  ; D:/workspace1/NewDocument/Quartus/module/Digital_Tube/number_mod_module.v      ;         ;
; ../Digital_Tube.v                ; yes             ; User Verilog HDL File  ; D:/workspace1/NewDocument/Quartus/module/Digital_Tube/Digital_Tube.v           ;         ;
; ../column_scan_module.v          ; yes             ; User Verilog HDL File  ; D:/workspace1/NewDocument/Quartus/module/Digital_Tube/column_scan_module.v     ;         ;
; Digital_Tube_Demo.v              ; yes             ; User Verilog HDL File  ; D:/workspace1/NewDocument/Quartus/module/Digital_Tube/demo/Digital_Tube_Demo.v ;         ;
+----------------------------------+-----------------+------------------------+--------------------------------------------------------------------------------+---------+


+---------------------------------------------------------+
; Analysis & Synthesis Resource Usage Summary             ;
+---------------------------------------------+-----------+
; Resource                                    ; Usage     ;
+---------------------------------------------+-----------+
; Estimated Total logic elements              ; 49        ;
;                                             ;           ;
; Total combinational functions               ; 43        ;
; Logic element usage by number of LUT inputs ;           ;
;     -- 4 input functions                    ; 9         ;
;     -- 3 input functions                    ; 12        ;
;     -- <=2 input functions                  ; 22        ;
;                                             ;           ;
; Logic elements by mode                      ;           ;
;     -- normal mode                          ; 25        ;
;     -- arithmetic mode                      ; 18        ;
;                                             ;           ;
; Total registers                             ; 35        ;
;     -- Dedicated logic registers            ; 35        ;
;     -- I/O registers                        ; 0         ;
;                                             ;           ;
; I/O pins                                    ; 12        ;
;                                             ;           ;
; Embedded Multiplier 9-bit elements          ; 0         ;
;                                             ;           ;
; Maximum fan-out node                        ; CLK~input ;
; Maximum fan-out                             ; 35        ;
; Total fan-out                               ; 244       ;
; Average fan-out                             ; 2.39      ;
+---------------------------------------------+-----------+


+---------------------------------------------------------------------------------------------------------------------------------------------------------------------------------------------------------------------+
; Analysis & Synthesis Resource Utilization by Entity                                                                                                                                                                 ;
+-------------------------------+-------------------+--------------+-------------+--------------+---------+-----------+------+--------------+----------------------------------------------------------+--------------+
; Compilation Hierarchy Node    ; LC Combinationals ; LC Registers ; Memory Bits ; DSP Elements ; DSP 9x9 ; DSP 18x18 ; Pins ; Virtual Pins ; Full Hierarchy Name                                      ; Library Name ;
+-------------------------------+-------------------+--------------+-------------+--------------+---------+-----------+------+--------------+----------------------------------------------------------+--------------+
; |Digital_Tube_Demo            ; 43 (0)            ; 35 (0)       ; 0           ; 0            ; 0       ; 0         ; 12   ; 0            ; |Digital_Tube_Demo                                       ; work         ;
;    |Digital_Tube:U1|          ; 43 (0)            ; 35 (0)       ; 0           ; 0            ; 0       ; 0         ; 0    ; 0            ; |Digital_Tube_Demo|Digital_Tube:U1                       ; work         ;
;       |column_scan_module:U3| ; 30 (30)           ; 23 (23)      ; 0           ; 0            ; 0       ; 0         ; 0    ; 0            ; |Digital_Tube_Demo|Digital_Tube:U1|column_scan_module:U3 ; work         ;
;       |number_mod_module:U1|  ; 0 (0)             ; 1 (1)        ; 0           ; 0            ; 0       ; 0         ; 0    ; 0            ; |Digital_Tube_Demo|Digital_Tube:U1|number_mod_module:U1  ; work         ;
;       |row_scan_module:U4|    ; 12 (12)           ; 8 (8)        ; 0           ; 0            ; 0       ; 0         ; 0    ; 0            ; |Digital_Tube_Demo|Digital_Tube:U1|row_scan_module:U4    ; work         ;
;       |smg_encoder_module:U2| ; 1 (1)             ; 3 (3)        ; 0           ; 0            ; 0       ; 0         ; 0    ; 0            ; |Digital_Tube_Demo|Digital_Tube:U1|smg_encoder_module:U2 ; work         ;
+-------------------------------+-------------------+--------------+-------------+--------------+---------+-----------+------+--------------+----------------------------------------------------------+--------------+
Note: For table entries with two numbers listed, the numbers in parentheses indicate the number of resources of the given type used by the specific entity alone. The numbers listed outside of parentheses indicate the total resources of the given type used by the specific entity and all of its sub-entities in the hierarchy.


+--------------------------------------------------------------------------------------------------------------------------------+
; Registers Removed During Synthesis                                                                                             ;
+-----------------------------------------------------------+--------------------------------------------------------------------+
; Register name                                             ; Reason for Removal                                                 ;
+-----------------------------------------------------------+--------------------------------------------------------------------+
; Digital_Tube:U1|smg_encoder_module:U2|rTen_SMG_Data[7]    ; Stuck at VCC due to stuck port data_in                             ;
; Digital_Tube:U1|smg_encoder_module:U2|rOne_SMG_Data[7]    ; Stuck at VCC due to stuck port data_in                             ;
; Digital_Tube:U1|row_scan_module:U4|t[1]                   ; Merged with Digital_Tube:U1|column_scan_module:U3|t[1]             ;
; Digital_Tube:U1|row_scan_module:U4|t[0]                   ; Merged with Digital_Tube:U1|column_scan_module:U3|t[0]             ;
; Digital_Tube:U1|row_scan_module:U4|Count1[18]             ; Merged with Digital_Tube:U1|column_scan_module:U3|Count1[18]       ;
; Digital_Tube:U1|row_scan_module:U4|Count1[17]             ; Merged with Digital_Tube:U1|column_scan_module:U3|Count1[17]       ;
; Digital_Tube:U1|row_scan_module:U4|Count1[16]             ; Merged with Digital_Tube:U1|column_scan_module:U3|Count1[16]       ;
; Digital_Tube:U1|row_scan_module:U4|Count1[15]             ; Merged with Digital_Tube:U1|column_scan_module:U3|Count1[15]       ;
; Digital_Tube:U1|row_scan_module:U4|Count1[13]             ; Merged with Digital_Tube:U1|column_scan_module:U3|Count1[13]       ;
; Digital_Tube:U1|row_scan_module:U4|Count1[8]              ; Merged with Digital_Tube:U1|column_scan_module:U3|Count1[8]        ;
; Digital_Tube:U1|row_scan_module:U4|Count1[4]              ; Merged with Digital_Tube:U1|column_scan_module:U3|Count1[4]        ;
; Digital_Tube:U1|row_scan_module:U4|Count1[3]              ; Merged with Digital_Tube:U1|column_scan_module:U3|Count1[3]        ;
; Digital_Tube:U1|row_scan_module:U4|Count1[2]              ; Merged with Digital_Tube:U1|column_scan_module:U3|Count1[2]        ;
; Digital_Tube:U1|row_scan_module:U4|Count1[1]              ; Merged with Digital_Tube:U1|column_scan_module:U3|Count1[1]        ;
; Digital_Tube:U1|row_scan_module:U4|Count1[0]              ; Merged with Digital_Tube:U1|column_scan_module:U3|Count1[0]        ;
; Digital_Tube:U1|row_scan_module:U4|Count1[14]             ; Merged with Digital_Tube:U1|column_scan_module:U3|Count1[14]       ;
; Digital_Tube:U1|row_scan_module:U4|Count1[12]             ; Merged with Digital_Tube:U1|column_scan_module:U3|Count1[12]       ;
; Digital_Tube:U1|row_scan_module:U4|Count1[11]             ; Merged with Digital_Tube:U1|column_scan_module:U3|Count1[11]       ;
; Digital_Tube:U1|row_scan_module:U4|Count1[10]             ; Merged with Digital_Tube:U1|column_scan_module:U3|Count1[10]       ;
; Digital_Tube:U1|row_scan_module:U4|Count1[9]              ; Merged with Digital_Tube:U1|column_scan_module:U3|Count1[9]        ;
; Digital_Tube:U1|row_scan_module:U4|Count1[7]              ; Merged with Digital_Tube:U1|column_scan_module:U3|Count1[7]        ;
; Digital_Tube:U1|row_scan_module:U4|Count1[6]              ; Merged with Digital_Tube:U1|column_scan_module:U3|Count1[6]        ;
; Digital_Tube:U1|row_scan_module:U4|Count1[5]              ; Merged with Digital_Tube:U1|column_scan_module:U3|Count1[5]        ;
; Digital_Tube:U1|number_mod_module:U1|rTen[0,3]            ; Stuck at GND due to stuck port data_in                             ;
; Digital_Tube:U1|number_mod_module:U1|rOne[3]              ; Stuck at GND due to stuck port data_in                             ;
; Digital_Tube:U1|smg_encoder_module:U2|rTen_SMG_Data[3,4]  ; Merged with Digital_Tube:U1|smg_encoder_module:U2|rTen_SMG_Data[0] ;
; Digital_Tube:U1|smg_encoder_module:U2|rTen_SMG_Data[5]    ; Merged with Digital_Tube:U1|smg_encoder_module:U2|rTen_SMG_Data[2] ;
; Digital_Tube:U1|number_mod_module:U1|rOne[1,2]            ; Merged with Digital_Tube:U1|number_mod_module:U1|rOne[0]           ;
; Digital_Tube:U1|number_mod_module:U1|rTen[1,2]            ; Merged with Digital_Tube:U1|number_mod_module:U1|rOne[0]           ;
; Digital_Tube:U1|smg_encoder_module:U2|rOne_SMG_Data[6]    ; Stuck at VCC due to stuck port data_in                             ;
; Digital_Tube:U1|smg_encoder_module:U2|rOne_SMG_Data[2]    ; Merged with Digital_Tube:U1|smg_encoder_module:U2|rTen_SMG_Data[2] ;
; Digital_Tube:U1|smg_encoder_module:U2|rTen_SMG_Data[2]    ; Merged with Digital_Tube:U1|smg_encoder_module:U2|rOne_SMG_Data[1] ;
; Digital_Tube:U1|smg_encoder_module:U2|rOne_SMG_Data[1]    ; Merged with Digital_Tube:U1|smg_encoder_module:U2|rOne_SMG_Data[0] ;
; Digital_Tube:U1|smg_encoder_module:U2|rOne_SMG_Data[0]    ; Merged with Digital_Tube:U1|smg_encoder_module:U2|rTen_SMG_Data[0] ;
; Digital_Tube:U1|smg_encoder_module:U2|rOne_SMG_Data[3..5] ; Merged with Digital_Tube:U1|smg_encoder_module:U2|rTen_SMG_Data[1] ;
; Total Number of Removed Registers = 41                    ;                                                                    ;
+-----------------------------------------------------------+--------------------------------------------------------------------+


+-----------------------------------------------------------------------------------------------------------------------------------+
; Removed Registers Triggering Further Register Optimizations                                                                       ;
+----------------------------------------------+---------------------------+--------------------------------------------------------+
; Register name                                ; Reason for Removal        ; Registers Removed due to This Register                 ;
+----------------------------------------------+---------------------------+--------------------------------------------------------+
; Digital_Tube:U1|number_mod_module:U1|rOne[3] ; Stuck at GND              ; Digital_Tube:U1|smg_encoder_module:U2|rOne_SMG_Data[6] ;
;                                              ; due to stuck port data_in ;                                                        ;
+----------------------------------------------+---------------------------+--------------------------------------------------------+


+------------------------------------------------------+
; General Register Statistics                          ;
+----------------------------------------------+-------+
; Statistic                                    ; Value ;
+----------------------------------------------+-------+
; Total registers                              ; 35    ;
; Number of registers using Synchronous Clear  ; 0     ;
; Number of registers using Synchronous Load   ; 0     ;
; Number of registers using Asynchronous Clear ; 35    ;
; Number of registers using Asynchronous Load  ; 0     ;
; Number of registers using Clock Enable       ; 8     ;
; Number of registers using Preset             ; 0     ;
+----------------------------------------------+-------+


+------------------------------------------------------------------+
; Inverted Register Statistics                                     ;
+--------------------------------------------------------+---------+
; Inverted Register                                      ; Fan out ;
+--------------------------------------------------------+---------+
; Digital_Tube:U1|column_scan_module:U3|rColumn_Scan[1]  ; 2       ;
; Digital_Tube:U1|smg_encoder_module:U2|rTen_SMG_Data[0] ; 4       ;
; Digital_Tube:U1|smg_encoder_module:U2|rTen_SMG_Data[1] ; 2       ;
; Digital_Tube:U1|smg_encoder_module:U2|rTen_SMG_Data[6] ; 1       ;
; Total number of inverted registers = 4                 ;         ;
+--------------------------------------------------------+---------+


+------------------------------------------------------------------------------------------------------------------------------------------------------------------------------+
; Multiplexer Restructuring Statistics (Restructuring Performed)                                                                                                               ;
+--------------------+-----------+---------------+----------------------+------------------------+------------+----------------------------------------------------------------+
; Multiplexer Inputs ; Bus Width ; Baseline Area ; Area if Restructured ; Saving if Restructured ; Registered ; Example Multiplexer Output                                     ;
+--------------------+-----------+---------------+----------------------+------------------------+------------+----------------------------------------------------------------+
; 3:1                ; 2 bits    ; 4 LEs         ; 2 LEs                ; 2 LEs                  ; Yes        ; |Digital_Tube_Demo|Digital_Tube:U1|column_scan_module:U3|t[1]  ;
; 3:1                ; 7 bits    ; 14 LEs        ; 7 LEs                ; 7 LEs                  ; Yes        ; |Digital_Tube_Demo|Digital_Tube:U1|row_scan_module:U4|rData[4] ;
+--------------------+-----------+---------------+----------------------+------------------------+------------+----------------------------------------------------------------+


+-----------------------------------------------------------------------------------+
; Parameter Settings for User Entity Instance: Top-level Entity: |Digital_Tube_Demo ;
+----------------+----------+-------------------------------------------------------+
; Parameter Name ; Value    ; Type                                                  ;
+----------------+----------+-------------------------------------------------------+
; Number_Data    ; 01000011 ; Unsigned Binary                                       ;
+----------------+----------+-------------------------------------------------------+
Note: In order to hide this table in the UI and the text report file, please set the "Show Parameter Settings in Synthesis Report" option in "Analysis and Synthesis Settings -> More Settings" to "Off".


+------------------------------------------------------------------------------------+
; Parameter Settings for User Entity Instance: Digital_Tube:U1|smg_encoder_module:U2 ;
+----------------+----------+--------------------------------------------------------+
; Parameter Name ; Value    ; Type                                                   ;
+----------------+----------+--------------------------------------------------------+
; seg0           ; 11000000 ; Unsigned Binary                                        ;
; seg1           ; 11111001 ; Unsigned Binary                                        ;
; seg2           ; 10100100 ; Unsigned Binary                                        ;
; seg3           ; 10110000 ; Unsigned Binary                                        ;
; seg4           ; 10011001 ; Unsigned Binary                                        ;
; seg5           ; 10010010 ; Unsigned Binary                                        ;
; seg6           ; 10000010 ; Unsigned Binary                                        ;
; seg7           ; 11111000 ; Unsigned Binary                                        ;
; seg8           ; 10000000 ; Unsigned Binary                                        ;
; seg9           ; 10010000 ; Unsigned Binary                                        ;
; sega           ; 10001000 ; Unsigned Binary                                        ;
; segb           ; 10000011 ; Unsigned Binary                                        ;
; segc           ; 11000110 ; Unsigned Binary                                        ;
; segd           ; 10100001 ; Unsigned Binary                                        ;
; sege           ; 10000110 ; Unsigned Binary                                        ;
; segf           ; 10001110 ; Unsigned Binary                                        ;
+----------------+----------+--------------------------------------------------------+
Note: In order to hide this table in the UI and the text report file, please set the "Show Parameter Settings in Synthesis Report" option in "Analysis and Synthesis Settings -> More Settings" to "Off".


+------------------------------------------------------------------------------------+
; Parameter Settings for User Entity Instance: Digital_Tube:U1|column_scan_module:U3 ;
+----------------+---------------------+---------------------------------------------+
; Parameter Name ; Value               ; Type                                        ;
+----------------+---------------------+---------------------------------------------+
; T10MS          ; 1111010000100011111 ; Unsigned Binary                             ;
+----------------+---------------------+---------------------------------------------+
Note: In order to hide this table in the UI and the text report file, please set the "Show Parameter Settings in Synthesis Report" option in "Analysis and Synthesis Settings -> More Settings" to "Off".


+---------------------------------------------------------------------------------+
; Parameter Settings for User Entity Instance: Digital_Tube:U1|row_scan_module:U4 ;
+----------------+---------------------+------------------------------------------+
; Parameter Name ; Value               ; Type                                     ;
+----------------+---------------------+------------------------------------------+
; T10MS          ; 1111010000100011111 ; Unsigned Binary                          ;
+----------------+---------------------+------------------------------------------+
Note: In order to hide this table in the UI and the text report file, please set the "Show Parameter Settings in Synthesis Report" option in "Analysis and Synthesis Settings -> More Settings" to "Off".


+-----------------------------------------------------+
; Port Connectivity Checks: "Digital_Tube:U1"         ;
+-------------------+-------+----------+--------------+
; Port              ; Type  ; Severity ; Details      ;
+-------------------+-------+----------+--------------+
; Number_Data[1..0] ; Input ; Info     ; Stuck at VCC ;
; Number_Data[5..2] ; Input ; Info     ; Stuck at GND ;
; Number_Data[7]    ; Input ; Info     ; Stuck at GND ;
; Number_Data[6]    ; Input ; Info     ; Stuck at VCC ;
+-------------------+-------+----------+--------------+


+-----------------------------------------------------+
; Post-Synthesis Netlist Statistics for Top Partition ;
+-----------------------+-----------------------------+
; Type                  ; Count                       ;
+-----------------------+-----------------------------+
; boundary_port         ; 12                          ;
; cycloneiii_ff         ; 35                          ;
;     CLR               ; 27                          ;
;     ENA CLR           ; 8                           ;
; cycloneiii_lcell_comb ; 44                          ;
;     arith             ; 18                          ;
;         2 data inputs ; 18                          ;
;     normal            ; 26                          ;
;         1 data inputs ; 5                           ;
;         3 data inputs ; 12                          ;
;         4 data inputs ; 9                           ;
;                       ;                             ;
; Max LUT depth         ; 4.00                        ;
; Average LUT depth     ; 2.70                        ;
+-----------------------+-----------------------------+


+-------------------------------+
; Elapsed Time Per Partition    ;
+----------------+--------------+
; Partition Name ; Elapsed Time ;
+----------------+--------------+
; Top            ; 00:00:01     ;
+----------------+--------------+


+-------------------------------+
; Analysis & Synthesis Messages ;
+-------------------------------+
Info: *******************************************************************
Info: Running Quartus II 64-Bit Analysis & Synthesis
    Info: Version 15.0.0 Build 145 04/22/2015 SJ Full Version
    Info: Processing started: Thu Sep 22 23:41:27 2016
Info: Command: quartus_map --read_settings_files=on --write_settings_files=off Digital_Tube_Demo -c Digital_Tube_Demo
Info (11104): Parallel Compilation has detected 4 hyper-threaded processors. However, the extra hyper-threaded processors will not be used by default. Parallel Compilation will use 2 of the 2 physical processors detected instead.
Info (12021): Found 1 design units, including 1 entities, in source file /workspace1/newdocument/quartus/module/digital_tube/smg_encoder_module.v
    Info (12023): Found entity 1: smg_encoder_module
Info (12021): Found 1 design units, including 1 entities, in source file /workspace1/newdocument/quartus/module/digital_tube/row_scan_module.v
    Info (12023): Found entity 1: row_scan_module
Info (12021): Found 1 design units, including 1 entities, in source file /workspace1/newdocument/quartus/module/digital_tube/number_mod_module.v
    Info (12023): Found entity 1: number_mod_module
Warning (10090): Verilog HDL syntax warning at Digital_Tube.v(22): extra block comment delimiter characters /* within block comment
Warning (10090): Verilog HDL syntax warning at Digital_Tube.v(33): extra block comment delimiter characters /* within block comment
Info (12021): Found 1 design units, including 1 entities, in source file /workspace1/newdocument/quartus/module/digital_tube/digital_tube.v
    Info (12023): Found entity 1: Digital_Tube
Info (12021): Found 1 design units, including 1 entities, in source file /workspace1/newdocument/quartus/module/digital_tube/column_scan_module.v
    Info (12023): Found entity 1: column_scan_module
Warning (10090): Verilog HDL syntax warning at Digital_Tube_Demo.v(20): extra block comment delimiter characters /* within block comment
Info (12021): Found 1 design units, including 1 entities, in source file digital_tube_demo.v
    Info (12023): Found entity 1: Digital_Tube_Demo
Info (12127): Elaborating entity "Digital_Tube_Demo" for the top level hierarchy
Info (12128): Elaborating entity "Digital_Tube" for hierarchy "Digital_Tube:U1"
Info (12128): Elaborating entity "number_mod_module" for hierarchy "Digital_Tube:U1|number_mod_module:U1"
Info (12128): Elaborating entity "smg_encoder_module" for hierarchy "Digital_Tube:U1|smg_encoder_module:U2"
Info (12128): Elaborating entity "column_scan_module" for hierarchy "Digital_Tube:U1|column_scan_module:U3"
Info (12128): Elaborating entity "row_scan_module" for hierarchy "Digital_Tube:U1|row_scan_module:U4"
Info (13000): Registers with preset signals will power-up high
Info (13003): DEV_CLRn pin will set, and not reset, register with preset signal due to NOT Gate Push-Back
Info (286030): Timing-Driven Synthesis is running
Info (16010): Generating hard_block partition "hard_block:auto_generated_inst"
    Info (16011): Adding 0 node(s), including 0 DDIO, 0 PLL, 0 transceiver and 0 LCELL
Info (21057): Implemented 62 device resources after synthesis - the final resource count might be different
    Info (21058): Implemented 2 input pins
    Info (21059): Implemented 10 output pins
    Info (21061): Implemented 50 logic cells
Info: Quartus II 64-Bit Analysis & Synthesis was successful. 0 errors, 3 warnings
    Info: Peak virtual memory: 648 megabytes
    Info: Processing ended: Thu Sep 22 23:41:43 2016
    Info: Elapsed time: 00:00:16
    Info: Total CPU time (on all processors): 00:00:34


